// Jest Snapshot v1, https://goo.gl/fbAQLP

exports[`Year should match the snapshot 1`] = `
<DocumentFragment>
  <div
    class="sc-bczRLJ hHQYvn"
  >
    <span>
      Year: 2022
    </span>
  </div>
</DocumentFragment>
`;
