// Jest Snapshot v1, https://goo.gl/fbAQLP

exports[`Counter should match the snapshot 1`] = `
<DocumentFragment>
  <span>
    Counter
  </span>
  <button>
    increment
  </button>
  <button>
    decrement
  </button>
  <span>
    count: 0
  </span>
</DocumentFragment>
`;
